==========================================
SLURM_JOB_ID = 8218582
SLURM_JOB_NODELIST = d11-46
TMPDIR = /tmp/SLURM_8218582
==========================================
KNN - CS:GO Round Winner Classification
Config: k=11  distance=squared_euclidean  epochs=N/A (lazy learner)  threads=8

Dataset Info
  X_train: 97928 x 103
  X_test : 24482 x 103
  y_train: +1=47982  -1=49946
  y_test : +1=12022  -1=12460

Data loading + normalization: 2138.54 ms

[Serial KNN]
  Training time  : 34.37 ms
  Inference time : 330669.03 ms
  Total time     : 330703.41 ms
  Accuracy       : 0.8106
  Precision      : 0.8078
  Recall         : 0.8060
  F1 Score       : 0.8069

[Parallel KNN (OpenMP, 8 threads)]
  Training time  : 23.23 ms
  Inference time : 48455.68 ms
  Total time     : 48478.91 ms
  Accuracy       : 0.8106
  Precision      : 0.8078
  Recall         : 0.8060
  F1 Score       : 0.8069

Speedup Summary
  Serial total   : 330703.41 ms
  Parallel total : 48478.91 ms
  Speedup        : 6.82 x
