==========================================
SLURM_JOB_ID = 8212946
SLURM_JOB_NODELIST = a01-05
TMPDIR = /tmp/SLURM_8212946
==========================================
╔══════════════════════════════════════════════════╗
║  SVM — CS:GO Round Winner Classification         ║
╚══════════════════════════════════════════════════╝
Config: epochs=200  lr=0.01  lambda=0.0001  threads=8

┌─────────────────────────────────────────────────┐
│  Dataset Info                                   │
├─────────────────────────────────────────────────┤
│  X_train : 97928 x 103                             
│  X_test  : 24482 x 103                             
│  y_train : +1=47982  -1=49946
│  y_test  : +1=12022  -1=12460
└─────────────────────────────────────────────────┘

Data loading: 11520.44 ms

[Serial SVM]                            
  Training time    : 1568.49    ms
  Inference time   : 1.48       ms
  Total time       : 1569.97    ms
  Accuracy         : 0.7465
  Precision        : 0.7314
  Recall           : 0.7647
  F1 Score         : 0.7477

epoch 0  loss=1.0000
epoch 1  loss=0.9878
epoch 2  loss=0.9792
epoch 3  loss=0.9721
epoch 4  loss=0.9660
epoch 5  loss=0.9606
epoch 6  loss=0.9556
epoch 7  loss=0.9510
epoch 8  loss=0.9467
epoch 9  loss=0.9426
epoch 10  loss=0.9387
epoch 11  loss=0.9351
epoch 12  loss=0.9315
epoch 13  loss=0.9282
epoch 14  loss=0.9249
epoch 15  loss=0.9218
epoch 16  loss=0.9187
epoch 17  loss=0.9157
epoch 18  loss=0.9129
epoch 19  loss=0.9101
epoch 20  loss=0.9073
epoch 21  loss=0.9047
epoch 22  loss=0.9021
epoch 23  loss=0.8995
epoch 24  loss=0.8970
epoch 25  loss=0.8946
epoch 26  loss=0.8922
epoch 27  loss=0.8899
epoch 28  loss=0.8876
epoch 29  loss=0.8853
epoch 30  loss=0.8831
epoch 31  loss=0.8809
epoch 32  loss=0.8787
epoch 33  loss=0.8766
epoch 34  loss=0.8745
epoch 35  loss=0.8724
epoch 36  loss=0.8704
epoch 37  loss=0.8684
epoch 38  loss=0.8664
epoch 39  loss=0.8645
epoch 40  loss=0.8625
epoch 41  loss=0.8606
epoch 42  loss=0.8588
epoch 43  loss=0.8569
epoch 44  loss=0.8551
epoch 45  loss=0.8532
epoch 46  loss=0.8514
epoch 47  loss=0.8497
epoch 48  loss=0.8479
epoch 49  loss=0.8462
epoch 50  loss=0.8444
epoch 51  loss=0.8427
epoch 52  loss=0.8410
epoch 53  loss=0.8394
epoch 54  loss=0.8377
epoch 55  loss=0.8360
epoch 56  loss=0.8344
epoch 57  loss=0.8328
epoch 58  loss=0.8312
epoch 59  loss=0.8296
epoch 60  loss=0.8280
epoch 61  loss=0.8265
epoch 62  loss=0.8249
epoch 63  loss=0.8234
epoch 64  loss=0.8219
epoch 65  loss=0.8204
epoch 66  loss=0.8189
epoch 67  loss=0.8174
epoch 68  loss=0.8159
epoch 69  loss=0.8144
epoch 70  loss=0.8130
epoch 71  loss=0.8115
epoch 72  loss=0.8101
epoch 73  loss=0.8087
epoch 74  loss=0.8073
epoch 75  loss=0.8059
epoch 76  loss=0.8045
epoch 77  loss=0.8031
epoch 78  loss=0.8017
epoch 79  loss=0.8004
epoch 80  loss=0.7991
epoch 81  loss=0.7977
epoch 82  loss=0.7964
epoch 83  loss=0.7951
epoch 84  loss=0.7938
epoch 85  loss=0.7926
epoch 86  loss=0.7913
epoch 87  loss=0.7900
epoch 88  loss=0.7888
epoch 89  loss=0.7876
epoch 90  loss=0.7864
epoch 91  loss=0.7852
epoch 92  loss=0.7840
epoch 93  loss=0.7828
epoch 94  loss=0.7816
epoch 95  loss=0.7805
epoch 96  loss=0.7794
epoch 97  loss=0.7782
epoch 98  loss=0.7771
epoch 99  loss=0.7760
epoch 100  loss=0.7749
epoch 101  loss=0.7739
epoch 102  loss=0.7728
epoch 103  loss=0.7717
epoch 104  loss=0.7707
epoch 105  loss=0.7697
epoch 106  loss=0.7687
epoch 107  loss=0.7677
epoch 108  loss=0.7667
epoch 109  loss=0.7657
epoch 110  loss=0.7647
epoch 111  loss=0.7638
epoch 112  loss=0.7628
epoch 113  loss=0.7619
epoch 114  loss=0.7610
epoch 115  loss=0.7600
epoch 116  loss=0.7591
epoch 117  loss=0.7582
epoch 118  loss=0.7574
epoch 119  loss=0.7565
epoch 120  loss=0.7556
epoch 121  loss=0.7548
epoch 122  loss=0.7539
epoch 123  loss=0.7531
epoch 124  loss=0.7523
epoch 125  loss=0.7514
epoch 126  loss=0.7506
epoch 127  loss=0.7498
epoch 128  loss=0.7491
epoch 129  loss=0.7483
epoch 130  loss=0.7475
epoch 131  loss=0.7467
epoch 132  loss=0.7460
epoch 133  loss=0.7453
epoch 134  loss=0.7445
epoch 135  loss=0.7438
epoch 136  loss=0.7431
epoch 137  loss=0.7424
epoch 138  loss=0.7417
epoch 139  loss=0.7410
epoch 140  loss=0.7403
epoch 141  loss=0.7396
epoch 142  loss=0.7389
epoch 143  loss=0.7383
epoch 144  loss=0.7376
epoch 145  loss=0.7370
epoch 146  loss=0.7363
epoch 147  loss=0.7357
epoch 148  loss=0.7351
epoch 149  loss=0.7345
epoch 150  loss=0.7339
epoch 151  loss=0.7333
epoch 152  loss=0.7327
epoch 153  loss=0.7321
epoch 154  loss=0.7315
epoch 155  loss=0.7309
epoch 156  loss=0.7304
epoch 157  loss=0.7298
epoch 158  loss=0.7292
epoch 159  loss=0.7287
epoch 160  loss=0.7281
epoch 161  loss=0.7276
epoch 162  loss=0.7271
epoch 163  loss=0.7265
epoch 164  loss=0.7260
epoch 165  loss=0.7255
epoch 166  loss=0.7250
epoch 167  loss=0.7245
epoch 168  loss=0.7240
epoch 169  loss=0.7235
epoch 170  loss=0.7230
epoch 171  loss=0.7225
epoch 172  loss=0.7220
epoch 173  loss=0.7216
epoch 174  loss=0.7211
epoch 175  loss=0.7206
epoch 176  loss=0.7202
epoch 177  loss=0.7197
epoch 178  loss=0.7193
epoch 179  loss=0.7188
epoch 180  loss=0.7184
epoch 181  loss=0.7180
epoch 182  loss=0.7175
epoch 183  loss=0.7171
epoch 184  loss=0.7167
epoch 185  loss=0.7163
epoch 186  loss=0.7159
epoch 187  loss=0.7154
epoch 188  loss=0.7150
epoch 189  loss=0.7146
epoch 190  loss=0.7142
epoch 191  loss=0.7138
epoch 192  loss=0.7135
epoch 193  loss=0.7131
epoch 194  loss=0.7127
epoch 195  loss=0.7123
epoch 196  loss=0.7119
epoch 197  loss=0.7116
epoch 198  loss=0.7112
epoch 199  loss=0.7108
[Better Serial SVM (shuffled + decaying LR)]
  Training time    : 1393.35    ms
  Inference time   : 1.49       ms
  Total time       : 1394.84    ms
  Accuracy         : 0.7293
  Precision        : 0.7289
  Recall           : 0.7143
  F1 Score         : 0.7215

epoch 0  loss=1.0000
epoch 1  loss=0.9878
epoch 2  loss=0.9792
epoch 3  loss=0.9721
epoch 4  loss=0.9660
epoch 5  loss=0.9606
epoch 6  loss=0.9556
epoch 7  loss=0.9510
epoch 8  loss=0.9467
epoch 9  loss=0.9426
epoch 10  loss=0.9387
epoch 11  loss=0.9351
epoch 12  loss=0.9315
epoch 13  loss=0.9282
epoch 14  loss=0.9249
epoch 15  loss=0.9218
epoch 16  loss=0.9187
epoch 17  loss=0.9157
epoch 18  loss=0.9129
epoch 19  loss=0.9101
epoch 20  loss=0.9073
epoch 21  loss=0.9047
epoch 22  loss=0.9021
epoch 23  loss=0.8995
epoch 24  loss=0.8970
epoch 25  loss=0.8946
epoch 26  loss=0.8922
epoch 27  loss=0.8899
epoch 28  loss=0.8876
epoch 29  loss=0.8853
epoch 30  loss=0.8831
epoch 31  loss=0.8809
epoch 32  loss=0.8787
epoch 33  loss=0.8766
epoch 34  loss=0.8745
epoch 35  loss=0.8724
epoch 36  loss=0.8704
epoch 37  loss=0.8684
epoch 38  loss=0.8664
epoch 39  loss=0.8645
epoch 40  loss=0.8625
epoch 41  loss=0.8606
epoch 42  loss=0.8588
epoch 43  loss=0.8569
epoch 44  loss=0.8551
epoch 45  loss=0.8532
epoch 46  loss=0.8514
epoch 47  loss=0.8497
epoch 48  loss=0.8479
epoch 49  loss=0.8462
epoch 50  loss=0.8444
epoch 51  loss=0.8427
epoch 52  loss=0.8410
epoch 53  loss=0.8394
epoch 54  loss=0.8377
epoch 55  loss=0.8360
epoch 56  loss=0.8344
epoch 57  loss=0.8328
epoch 58  loss=0.8312
epoch 59  loss=0.8296
epoch 60  loss=0.8280
epoch 61  loss=0.8265
epoch 62  loss=0.8249
epoch 63  loss=0.8234
epoch 64  loss=0.8219
epoch 65  loss=0.8204
epoch 66  loss=0.8189
epoch 67  loss=0.8174
epoch 68  loss=0.8159
epoch 69  loss=0.8144
epoch 70  loss=0.8130
epoch 71  loss=0.8115
epoch 72  loss=0.8101
epoch 73  loss=0.8087
epoch 74  loss=0.8073
epoch 75  loss=0.8059
epoch 76  loss=0.8045
epoch 77  loss=0.8031
epoch 78  loss=0.8017
epoch 79  loss=0.8004
epoch 80  loss=0.7991
epoch 81  loss=0.7977
epoch 82  loss=0.7964
epoch 83  loss=0.7951
epoch 84  loss=0.7938
epoch 85  loss=0.7926
epoch 86  loss=0.7913
epoch 87  loss=0.7900
epoch 88  loss=0.7888
epoch 89  loss=0.7876
epoch 90  loss=0.7864
epoch 91  loss=0.7852
epoch 92  loss=0.7840
epoch 93  loss=0.7828
epoch 94  loss=0.7816
epoch 95  loss=0.7805
epoch 96  loss=0.7794
epoch 97  loss=0.7782
epoch 98  loss=0.7771
epoch 99  loss=0.7760
epoch 100  loss=0.7749
epoch 101  loss=0.7739
epoch 102  loss=0.7728
epoch 103  loss=0.7717
epoch 104  loss=0.7707
epoch 105  loss=0.7697
epoch 106  loss=0.7687
epoch 107  loss=0.7677
epoch 108  loss=0.7667
epoch 109  loss=0.7657
epoch 110  loss=0.7647
epoch 111  loss=0.7638
epoch 112  loss=0.7628
epoch 113  loss=0.7619
epoch 114  loss=0.7610
epoch 115  loss=0.7600
epoch 116  loss=0.7591
epoch 117  loss=0.7582
epoch 118  loss=0.7574
epoch 119  loss=0.7565
epoch 120  loss=0.7556
epoch 121  loss=0.7548
epoch 122  loss=0.7539
epoch 123  loss=0.7531
epoch 124  loss=0.7523
epoch 125  loss=0.7514
epoch 126  loss=0.7506
epoch 127  loss=0.7498
epoch 128  loss=0.7491
epoch 129  loss=0.7483
epoch 130  loss=0.7475
epoch 131  loss=0.7467
epoch 132  loss=0.7460
epoch 133  loss=0.7453
epoch 134  loss=0.7445
epoch 135  loss=0.7438
epoch 136  loss=0.7431
epoch 137  loss=0.7424
epoch 138  loss=0.7417
epoch 139  loss=0.7410
epoch 140  loss=0.7403
epoch 141  loss=0.7396
epoch 142  loss=0.7389
epoch 143  loss=0.7383
epoch 144  loss=0.7376
epoch 145  loss=0.7370
epoch 146  loss=0.7363
epoch 147  loss=0.7357
epoch 148  loss=0.7351
epoch 149  loss=0.7345
epoch 150  loss=0.7339
epoch 151  loss=0.7333
epoch 152  loss=0.7327
epoch 153  loss=0.7321
epoch 154  loss=0.7315
epoch 155  loss=0.7309
epoch 156  loss=0.7304
epoch 157  loss=0.7298
epoch 158  loss=0.7292
epoch 159  loss=0.7287
epoch 160  loss=0.7281
epoch 161  loss=0.7276
epoch 162  loss=0.7271
epoch 163  loss=0.7265
epoch 164  loss=0.7260
epoch 165  loss=0.7255
epoch 166  loss=0.7250
epoch 167  loss=0.7245
epoch 168  loss=0.7240
epoch 169  loss=0.7235
epoch 170  loss=0.7230
epoch 171  loss=0.7225
epoch 172  loss=0.7220
epoch 173  loss=0.7216
epoch 174  loss=0.7211
epoch 175  loss=0.7206
epoch 176  loss=0.7202
epoch 177  loss=0.7197
epoch 178  loss=0.7193
epoch 179  loss=0.7188
epoch 180  loss=0.7184
epoch 181  loss=0.7180
epoch 182  loss=0.7175
epoch 183  loss=0.7171
epoch 184  loss=0.7167
epoch 185  loss=0.7163
epoch 186  loss=0.7159
epoch 187  loss=0.7154
epoch 188  loss=0.7150
epoch 189  loss=0.7146
epoch 190  loss=0.7142
epoch 191  loss=0.7138
epoch 192  loss=0.7135
epoch 193  loss=0.7131
epoch 194  loss=0.7127
epoch 195  loss=0.7123
epoch 196  loss=0.7119
epoch 197  loss=0.7116
epoch 198  loss=0.7112
epoch 199  loss=0.7108
[Parallel SVM (8 threads, pthreads+OpenMP)]
  Training time    : 304.26     ms
  Inference time   : 11.76      ms
  Total time       : 316.02     ms
  Accuracy         : 0.7293
  Precision        : 0.7289
  Recall           : 0.7143
  F1 Score         : 0.7215

┌─────────────────────────────────────────────────┐
│  Speedup Analysis                               │
├─────────────────────────────────────────────────┤
│  Serial total    : 1569.97    ms
│  Better Serial   : 1394.84    ms
│  Parallel total  : 316.02     ms
│  Speedup         : 4.41       x
│  Threads used    : 8          
└─────────────────────────────────────────────────┘
